
Running 24 tests using 16 workers

  ok 6 [phone-360] › mobile-composer.spec.ts:179:11 › P5 mobile composer gate (phone-390 390x844 + phone-360 360x800) › viewport 390x844 › chips: every button.chip label span h<=16, white-space != normal (705ms)
  ok 3 [phone-390] › mobile-composer.spec.ts:179:11 › P5 mobile composer gate (phone-390 390x844 + phone-360 360x800) › viewport 360x800 › chips: every button.chip label span h<=16, white-space != normal (919ms)
  ok 12 [phone-390] › mobile-composer.spec.ts:179:11 › P5 mobile composer gate (phone-390 390x844 + phone-360 360x800) › viewport 390x844 › chips: every button.chip label span h<=16, white-space != normal (703ms)
  x  4 [phone-390] › mobile-composer.spec.ts:162:11 › P5 mobile composer gate (phone-390 390x844 + phone-360 360x800) › viewport 390x844 › row: 6 controls + ml-auto Send, no child right > innerWidth, scrollWidth fits clientWidth (762ms)
  x  5 [phone-390] › mobile-composer.spec.ts:195:13 › P5 mobile composer gate (phone-390 390x844 + phone-360 360x800) › viewport 390x844 › popover RunModePicker: menu.right <= innerWidth + covers no suggestion card (799ms)
  x  2 [phone-390] › mobile-composer.spec.ts:195:13 › P5 mobile composer gate (phone-390 390x844 + phone-360 360x800) › viewport 360x800 › popover EffortSelector: menu.right <= innerWidth + covers no suggestion card (999ms)
  x  9 [phone-360] › mobile-composer.spec.ts:195:13 › P5 mobile composer gate (phone-390 390x844 + phone-360 360x800) › viewport 390x844 › popover PlusMenu: menu.right <= innerWidth + covers no suggestion card (914ms)
  x  11 [phone-360] › mobile-composer.spec.ts:195:13 › P5 mobile composer gate (phone-390 390x844 + phone-360 360x800) › viewport 390x844 › popover RunModePicker: menu.right <= innerWidth + covers no suggestion card (975ms)
  x  14 [phone-390] › mobile-composer.spec.ts:195:13 › P5 mobile composer gate (phone-390 390x844 + phone-360 360x800) › viewport 360x800 › popover RunModePicker: menu.right <= innerWidth + covers no suggestion card (821ms)
  x  17 [phone-360] › mobile-composer.spec.ts:195:13 › P5 mobile composer gate (phone-390 390x844 + phone-360 360x800) › viewport 390x844 › popover EffortSelector: menu.right <= innerWidth + covers no suggestion card (632ms)
  x  1 [phone-390] › mobile-composer.spec.ts:195:13 › P5 mobile composer gate (phone-390 390x844 + phone-360 360x800) › viewport 390x844 › popover PlusMenu: menu.right <= innerWidth + covers no suggestion card (1.0s)
  x  7 [phone-390] › mobile-composer.spec.ts:195:13 › P5 mobile composer gate (phone-390 390x844 + phone-360 360x800) › viewport 360x800 › popover PlusMenu: menu.right <= innerWidth + covers no suggestion card (872ms)
  x  8 [phone-390] › mobile-composer.spec.ts:195:13 › P5 mobile composer gate (phone-390 390x844 + phone-360 360x800) › viewport 390x844 › popover SlashPalette: menu.right <= innerWidth + covers no suggestion card (1.2s)
  x  10 [phone-360] › mobile-composer.spec.ts:162:11 › P5 mobile composer gate (phone-390 390x844 + phone-360 360x800) › viewport 390x844 › row: 6 controls + ml-auto Send, no child right > innerWidth, scrollWidth fits clientWidth (1.1s)
  x  13 [phone-390] › mobile-composer.spec.ts:195:13 › P5 mobile composer gate (phone-390 390x844 + phone-360 360x800) › viewport 360x800 › popover SlashPalette: menu.right <= innerWidth + covers no suggestion card (889ms)
  ok 18 [phone-360] › mobile-composer.spec.ts:179:11 › P5 mobile composer gate (phone-390 390x844 + phone-360 360x800) › viewport 360x800 › chips: every button.chip label span h<=16, white-space != normal (535ms)
  x  16 [phone-390] › mobile-composer.spec.ts:162:11 › P5 mobile composer gate (phone-390 390x844 + phone-360 360x800) › viewport 360x800 › row: 6 controls + ml-auto Send, no child right > innerWidth, scrollWidth fits clientWidth (902ms)
  x  15 [phone-390] › mobile-composer.spec.ts:195:13 › P5 mobile composer gate (phone-390 390x844 + phone-360 360x800) › viewport 390x844 › popover EffortSelector: menu.right <= innerWidth + covers no suggestion card (1.0s)
  x  19 [phone-360] › mobile-composer.spec.ts:195:13 › P5 mobile composer gate (phone-390 390x844 + phone-360 360x800) › viewport 360x800 › popover PlusMenu: menu.right <= innerWidth + covers no suggestion card (558ms)
  x  20 [phone-360] › mobile-composer.spec.ts:195:13 › P5 mobile composer gate (phone-390 390x844 + phone-360 360x800) › viewport 360x800 › popover RunModePicker: menu.right <= innerWidth + covers no suggestion card (648ms)
  x  22 [phone-360] › mobile-composer.spec.ts:195:13 › P5 mobile composer gate (phone-390 390x844 + phone-360 360x800) › viewport 360x800 › popover EffortSelector: menu.right <= innerWidth + covers no suggestion card (559ms)
  x  21 [phone-360] › mobile-composer.spec.ts:195:13 › P5 mobile composer gate (phone-390 390x844 + phone-360 360x800) › viewport 390x844 › popover SlashPalette: menu.right <= innerWidth + covers no suggestion card (662ms)
  x  24 [phone-360] › mobile-composer.spec.ts:162:11 › P5 mobile composer gate (phone-390 390x844 + phone-360 360x800) › viewport 360x800 › row: 6 controls + ml-auto Send, no child right > innerWidth, scrollWidth fits clientWidth (660ms)
  x  23 [phone-360] › mobile-composer.spec.ts:195:13 › P5 mobile composer gate (phone-390 390x844 + phone-360 360x800) › viewport 360x800 › popover SlashPalette: menu.right <= innerWidth + covers no suggestion card (776ms)


  1) [phone-390] › mobile-composer.spec.ts:162:11 › P5 mobile composer gate (phone-390 390x844 + phone-360 360x800) › viewport 390x844 › row: 6 controls + ml-auto Send, no child right > innerWidth, scrollWidth fits clientWidth 

    Error: the row does not reflow: scrollWidth overflows clientWidth (no flex-wrap, fixed chips)

    [2mexpect([22m[31mreceived[39m[2m).[22mtoBeLessThanOrEqual[2m([22m[32mexpected[39m[2m)[22m

    Expected: <= [32m364[39m
    Received:    [31m376[39m

      170 |         const wide = m.children.filter((c: any) => c.rect.right > vp.w)
      171 |         expect(m.rowScrollW, 'the row does not reflow: scrollWidth overflows clientWidth (no flex-wrap, fixed chips)')
    > 172 |           .toBeLessThanOrEqual(m.rowClientW)
          |            ^
      173 |         expect(wide.map((c: any) => `${c.tag} [${c.aria || c.title || c.text}] right=${c.rect.right} past ${vp.w}`),
      174 |           `every row child (incl. the ml-auto Send wrapper): rect.right <= ${vp.w}. Today the Send lands at right=460 (x=424, w=36, in the ml-auto) — 70px off-screen at 390, 100px at 360.`)
      175 |           .toHaveLength(1)
        at C:\c\Users\chris\Desktop\Workspace\dev-projects\lg-headgate\frontend\tests\e2e\mobile-composer.spec.ts:172:12

    attachment #1: trace (application/zip) ─────────────────────────────────────────────────────────
    test-results\mobile-composer-P5-mobile--b4874-crollWidth-fits-clientWidth-phone-390\trace.zip
    Usage:

        npx playwright show-trace test-results\mobile-composer-P5-mobile--b4874-crollWidth-fits-clientWidth-phone-390\trace.zip

    ────────────────────────────────────────────────────────────────────────────────────────────────

  2) [phone-390] › mobile-composer.spec.ts:195:13 › P5 mobile composer gate (phone-390 390x844 + phone-360 360x800) › viewport 390x844 › popover PlusMenu: menu.right <= innerWidth + covers no suggestion card 

    Error: locator.click: Element is not visible
    Call log:
    [2m  - waiting for locator('button[aria-label="Add attachments and actions"]').first()[22m
    [2m    - locator resolved to <button type="button" aria-haspopup="menu" aria-expanded="false" class="tap-target chip !px-2 " title="Add attachments and actions" aria-label="Add attachments and actions">…</button>[22m
    [2m  - attempting click action[22m
    [2m    - scrolling into view if needed[22m
    [2m    - done scrolling[22m


      201 |             await page.keyboard.press('/')
      202 |           } else {
    > 203 |             await page.locator(p.btn).first().click({ force: true })
          |                                               ^
      204 |           }
      205 |           const m = await page.evaluate(MENU_PROBE(p.name), [CARDS, p.name])
      206 |           expect(m.menu, `open ${p.name}: role=menu rendered`).toBeTruthy()
        at C:\c\Users\chris\Desktop\Workspace\dev-projects\lg-headgate\frontend\tests\e2e\mobile-composer.spec.ts:203:47

    attachment #1: trace (application/zip) ─────────────────────────────────────────────────────────
    test-results\mobile-composer-P5-mobile--8e4f9-h-covers-no-suggestion-card-phone-390\trace.zip
    Usage:

        npx playwright show-trace test-results\mobile-composer-P5-mobile--8e4f9-h-covers-no-suggestion-card-phone-390\trace.zip

    ────────────────────────────────────────────────────────────────────────────────────────────────

  3) [phone-390] › mobile-composer.spec.ts:195:13 › P5 mobile composer gate (phone-390 390x844 + phone-360 360x800) › viewport 390x844 › popover RunModePicker: menu.right <= innerWidth + covers no suggestion card 

    Error: [2mexpect([22m[31mreceived[39m[2m).[22mtoContain[2m([22m[32mexpected[39m[2m) // indexOf[22m

    [1mMatcher error[22m: [31mreceived[39m value must not be null nor undefined

    Received has value: [31mundefined[39m

      205 |           const m = await page.evaluate(MENU_PROBE(p.name), [CARDS, p.name])
      206 |           expect(m.menu, `open ${p.name}: role=menu rendered`).toBeTruthy()
    > 207 |           expect(m.menu.cls, `left-anchored ${p.cls}, no right-0 / max-w on the phone`).toContain('left-0')
          |                                                                                         ^
      208 |           expect(m.fitsRight, `menu right=${m.menu.right} in a ${vp.w}px viewport (${p.cls})`)
      209 |             .toBe(true)
      210 |           expect(m.overlapsCards,
        at C:\c\Users\chris\Desktop\Workspace\dev-projects\lg-headgate\frontend\tests\e2e\mobile-composer.spec.ts:207:89

    attachment #1: trace (application/zip) ─────────────────────────────────────────────────────────
    test-results\mobile-composer-P5-mobile--1bcf1-h-covers-no-suggestion-card-phone-390\trace.zip
    Usage:

        npx playwright show-trace test-results\mobile-composer-P5-mobile--1bcf1-h-covers-no-suggestion-card-phone-390\trace.zip

    ────────────────────────────────────────────────────────────────────────────────────────────────

  4) [phone-390] › mobile-composer.spec.ts:195:13 › P5 mobile composer gate (phone-390 390x844 + phone-360 360x800) › viewport 390x844 › popover EffortSelector: menu.right <= innerWidth + covers no suggestion card 

    Error: open EffortSelector: role=menu rendered

    [2mexpect([22m[31mreceived[39m[2m).[22mtoBeTruthy[2m()[22m

    Received: [31mnull[39m

      204 |           }
      205 |           const m = await page.evaluate(MENU_PROBE(p.name), [CARDS, p.name])
    > 206 |           expect(m.menu, `open ${p.name}: role=menu rendered`).toBeTruthy()
          |                                                                ^
      207 |           expect(m.menu.cls, `left-anchored ${p.cls}, no right-0 / max-w on the phone`).toContain('left-0')
      208 |           expect(m.fitsRight, `menu right=${m.menu.right} in a ${vp.w}px viewport (${p.cls})`)
      209 |             .toBe(true)
        at C:\c\Users\chris\Desktop\Workspace\dev-projects\lg-headgate\frontend\tests\e2e\mobile-composer.spec.ts:206:64

    attachment #1: trace (application/zip) ─────────────────────────────────────────────────────────
    test-results\mobile-composer-P5-mobile--ce085-h-covers-no-suggestion-card-phone-390\trace.zip
    Usage:

        npx playwright show-trace test-results\mobile-composer-P5-mobile--ce085-h-covers-no-suggestion-card-phone-390\trace.zip

    ────────────────────────────────────────────────────────────────────────────────────────────────

  5) [phone-390] › mobile-composer.spec.ts:195:13 › P5 mobile composer gate (phone-390 390x844 + phone-360 360x800) › viewport 390x844 › popover SlashPalette: menu.right <= innerWidth + covers no suggestion card 

    Error: open SlashPalette: role=menu rendered

    [2mexpect([22m[31mreceived[39m[2m).[22mtoBeTruthy[2m()[22m

    Received: [31mnull[39m

      204 |           }
      205 |           const m = await page.evaluate(MENU_PROBE(p.name), [CARDS, p.name])
    > 206 |           expect(m.menu, `open ${p.name}: role=menu rendered`).toBeTruthy()
          |                                                                ^
      207 |           expect(m.menu.cls, `left-anchored ${p.cls}, no right-0 / max-w on the phone`).toContain('left-0')
      208 |           expect(m.fitsRight, `menu right=${m.menu.right} in a ${vp.w}px viewport (${p.cls})`)
      209 |             .toBe(true)
        at C:\c\Users\chris\Desktop\Workspace\dev-projects\lg-headgate\frontend\tests\e2e\mobile-composer.spec.ts:206:64

    attachment #1: trace (application/zip) ─────────────────────────────────────────────────────────
    test-results\mobile-composer-P5-mobile--187be-h-covers-no-suggestion-card-phone-390\trace.zip
    Usage:

        npx playwright show-trace test-results\mobile-composer-P5-mobile--187be-h-covers-no-suggestion-card-phone-390\trace.zip

    ────────────────────────────────────────────────────────────────────────────────────────────────

  6) [phone-390] › mobile-composer.spec.ts:162:11 › P5 mobile composer gate (phone-390 390x844 + phone-360 360x800) › viewport 360x800 › row: 6 controls + ml-auto Send, no child right > innerWidth, scrollWidth fits clientWidth 

    Error: the row does not reflow: scrollWidth overflows clientWidth (no flex-wrap, fixed chips)

    [2mexpect([22m[31mreceived[39m[2m).[22mtoBeLessThanOrEqual[2m([22m[32mexpected[39m[2m)[22m

    Expected: <= [32m364[39m
    Received:    [31m455[39m

      170 |         const wide = m.children.filter((c: any) => c.rect.right > vp.w)
      171 |         expect(m.rowScrollW, 'the row does not reflow: scrollWidth overflows clientWidth (no flex-wrap, fixed chips)')
    > 172 |           .toBeLessThanOrEqual(m.rowClientW)
          |            ^
      173 |         expect(wide.map((c: any) => `${c.tag} [${c.aria || c.title || c.text}] right=${c.rect.right} past ${vp.w}`),
      174 |           `every row child (incl. the ml-auto Send wrapper): rect.right <= ${vp.w}. Today the Send lands at right=460 (x=424, w=36, in the ml-auto) — 70px off-screen at 390, 100px at 360.`)
      175 |           .toHaveLength(1)
        at C:\c\Users\chris\Desktop\Workspace\dev-projects\lg-headgate\frontend\tests\e2e\mobile-composer.spec.ts:172:12

    attachment #1: trace (application/zip) ─────────────────────────────────────────────────────────
    test-results\mobile-composer-P5-mobile--aee91-crollWidth-fits-clientWidth-phone-390\trace.zip
    Usage:

        npx playwright show-trace test-results\mobile-composer-P5-mobile--aee91-crollWidth-fits-clientWidth-phone-390\trace.zip

    ────────────────────────────────────────────────────────────────────────────────────────────────

  7) [phone-390] › mobile-composer.spec.ts:195:13 › P5 mobile composer gate (phone-390 390x844 + phone-360 360x800) › viewport 360x800 › popover PlusMenu: menu.right <= innerWidth + covers no suggestion card 

    Error: [2mexpect([22m[31mreceived[39m[2m).[22mtoContain[2m([22m[32mexpected[39m[2m) // indexOf[22m

    [1mMatcher error[22m: [31mreceived[39m value must not be null nor undefined

    Received has value: [31mundefined[39m

      205 |           const m = await page.evaluate(MENU_PROBE(p.name), [CARDS, p.name])
      206 |           expect(m.menu, `open ${p.name}: role=menu rendered`).toBeTruthy()
    > 207 |           expect(m.menu.cls, `left-anchored ${p.cls}, no right-0 / max-w on the phone`).toContain('left-0')
          |                                                                                         ^
      208 |           expect(m.fitsRight, `menu right=${m.menu.right} in a ${vp.w}px viewport (${p.cls})`)
      209 |             .toBe(true)
      210 |           expect(m.overlapsCards,
        at C:\c\Users\chris\Desktop\Workspace\dev-projects\lg-headgate\frontend\tests\e2e\mobile-composer.spec.ts:207:89

    attachment #1: trace (application/zip) ─────────────────────────────────────────────────────────
    test-results\mobile-composer-P5-mobile--4ebd8-h-covers-no-suggestion-card-phone-390\trace.zip
    Usage:

        npx playwright show-trace test-results\mobile-composer-P5-mobile--4ebd8-h-covers-no-suggestion-card-phone-390\trace.zip

    ────────────────────────────────────────────────────────────────────────────────────────────────

  8) [phone-390] › mobile-composer.spec.ts:195:13 › P5 mobile composer gate (phone-390 390x844 + phone-360 360x800) › viewport 360x800 › popover RunModePicker: menu.right <= innerWidth + covers no suggestion card 

    Error: [2mexpect([22m[31mreceived[39m[2m).[22mtoContain[2m([22m[32mexpected[39m[2m) // indexOf[22m

    [1mMatcher error[22m: [31mreceived[39m value must not be null nor undefined

    Received has value: [31mundefined[39m

      205 |           const m = await page.evaluate(MENU_PROBE(p.name), [CARDS, p.name])
      206 |           expect(m.menu, `open ${p.name}: role=menu rendered`).toBeTruthy()
    > 207 |           expect(m.menu.cls, `left-anchored ${p.cls}, no right-0 / max-w on the phone`).toContain('left-0')
          |                                                                                         ^
      208 |           expect(m.fitsRight, `menu right=${m.menu.right} in a ${vp.w}px viewport (${p.cls})`)
      209 |             .toBe(true)
      210 |           expect(m.overlapsCards,
        at C:\c\Users\chris\Desktop\Workspace\dev-projects\lg-headgate\frontend\tests\e2e\mobile-composer.spec.ts:207:89

    attachment #1: trace (application/zip) ─────────────────────────────────────────────────────────
    test-results\mobile-composer-P5-mobile--671f2-h-covers-no-suggestion-card-phone-390\trace.zip
    Usage:

        npx playwright show-trace test-results\mobile-composer-P5-mobile--671f2-h-covers-no-suggestion-card-phone-390\trace.zip

    ────────────────────────────────────────────────────────────────────────────────────────────────

  9) [phone-390] › mobile-composer.spec.ts:195:13 › P5 mobile composer gate (phone-390 390x844 + phone-360 360x800) › viewport 360x800 › popover EffortSelector: menu.right <= innerWidth + covers no suggestion card 

    Error: [2mexpect([22m[31mreceived[39m[2m).[22mtoContain[2m([22m[32mexpected[39m[2m) // indexOf[22m

    [1mMatcher error[22m: [31mreceived[39m value must not be null nor undefined

    Received has value: [31mundefined[39m

      205 |           const m = await page.evaluate(MENU_PROBE(p.name), [CARDS, p.name])
      206 |           expect(m.menu, `open ${p.name}: role=menu rendered`).toBeTruthy()
    > 207 |           expect(m.menu.cls, `left-anchored ${p.cls}, no right-0 / max-w on the phone`).toContain('left-0')
          |                                                                                         ^
      208 |           expect(m.fitsRight, `menu right=${m.menu.right} in a ${vp.w}px viewport (${p.cls})`)
      209 |             .toBe(true)
      210 |           expect(m.overlapsCards,
        at C:\c\Users\chris\Desktop\Workspace\dev-projects\lg-headgate\frontend\tests\e2e\mobile-composer.spec.ts:207:89

    attachment #1: trace (application/zip) ─────────────────────────────────────────────────────────
    test-results\mobile-composer-P5-mobile--955cc-h-covers-no-suggestion-card-phone-390\trace.zip
    Usage:

        npx playwright show-trace test-results\mobile-composer-P5-mobile--955cc-h-covers-no-suggestion-card-phone-390\trace.zip

    ────────────────────────────────────────────────────────────────────────────────────────────────

  10) [phone-390] › mobile-composer.spec.ts:195:13 › P5 mobile composer gate (phone-390 390x844 + phone-360 360x800) › viewport 360x800 › popover SlashPalette: menu.right <= innerWidth + covers no suggestion card 

    Error: open SlashPalette: role=menu rendered

    [2mexpect([22m[31mreceived[39m[2m).[22mtoBeTruthy[2m()[22m

    Received: [31mnull[39m

      204 |           }
      205 |           const m = await page.evaluate(MENU_PROBE(p.name), [CARDS, p.name])
    > 206 |           expect(m.menu, `open ${p.name}: role=menu rendered`).toBeTruthy()
          |                                                                ^
      207 |           expect(m.menu.cls, `left-anchored ${p.cls}, no right-0 / max-w on the phone`).toContain('left-0')
      208 |           expect(m.fitsRight, `menu right=${m.menu.right} in a ${vp.w}px viewport (${p.cls})`)
      209 |             .toBe(true)
        at C:\c\Users\chris\Desktop\Workspace\dev-projects\lg-headgate\frontend\tests\e2e\mobile-composer.spec.ts:206:64

    attachment #1: trace (application/zip) ─────────────────────────────────────────────────────────
    test-results\mobile-composer-P5-mobile--213a1-h-covers-no-suggestion-card-phone-390\trace.zip
    Usage:

        npx playwright show-trace test-results\mobile-composer-P5-mobile--213a1-h-covers-no-suggestion-card-phone-390\trace.zip

    ────────────────────────────────────────────────────────────────────────────────────────────────

  11) [phone-360] › mobile-composer.spec.ts:162:11 › P5 mobile composer gate (phone-390 390x844 + phone-360 360x800) › viewport 390x844 › row: 6 controls + ml-auto Send, no child right > innerWidth, scrollWidth fits clientWidth 

    Error: the row does not reflow: scrollWidth overflows clientWidth (no flex-wrap, fixed chips)

    [2mexpect([22m[31mreceived[39m[2m).[22mtoBeLessThanOrEqual[2m([22m[32mexpected[39m[2m)[22m

    Expected: <= [32m334[39m
    Received:    [31m376[39m

      170 |         const wide = m.children.filter((c: any) => c.rect.right > vp.w)
      171 |         expect(m.rowScrollW, 'the row does not reflow: scrollWidth overflows clientWidth (no flex-wrap, fixed chips)')
    > 172 |           .toBeLessThanOrEqual(m.rowClientW)
          |            ^
      173 |         expect(wide.map((c: any) => `${c.tag} [${c.aria || c.title || c.text}] right=${c.rect.right} past ${vp.w}`),
      174 |           `every row child (incl. the ml-auto Send wrapper): rect.right <= ${vp.w}. Today the Send lands at right=460 (x=424, w=36, in the ml-auto) — 70px off-screen at 390, 100px at 360.`)
      175 |           .toHaveLength(1)
        at C:\c\Users\chris\Desktop\Workspace\dev-projects\lg-headgate\frontend\tests\e2e\mobile-composer.spec.ts:172:12

    attachment #1: trace (application/zip) ─────────────────────────────────────────────────────────
    test-results\mobile-composer-P5-mobile--b4874-crollWidth-fits-clientWidth-phone-360\trace.zip
    Usage:

        npx playwright show-trace test-results\mobile-composer-P5-mobile--b4874-crollWidth-fits-clientWidth-phone-360\trace.zip

    ────────────────────────────────────────────────────────────────────────────────────────────────

  12) [phone-360] › mobile-composer.spec.ts:195:13 › P5 mobile composer gate (phone-390 390x844 + phone-360 360x800) › viewport 390x844 › popover PlusMenu: menu.right <= innerWidth + covers no suggestion card 

    Error: locator.click: Element is not visible
    Call log:
    [2m  - waiting for locator('button[aria-label="Add attachments and actions"]').first()[22m
    [2m    - locator resolved to <button type="button" aria-haspopup="menu" aria-expanded="false" class="tap-target chip !px-2 " title="Add attachments and actions" aria-label="Add attachments and actions">…</button>[22m
    [2m  - attempting click action[22m
    [2m    - scrolling into view if needed[22m
    [2m    - done scrolling[22m


      201 |             await page.keyboard.press('/')
      202 |           } else {
    > 203 |             await page.locator(p.btn).first().click({ force: true })
          |                                               ^
      204 |           }
      205 |           const m = await page.evaluate(MENU_PROBE(p.name), [CARDS, p.name])
      206 |           expect(m.menu, `open ${p.name}: role=menu rendered`).toBeTruthy()
        at C:\c\Users\chris\Desktop\Workspace\dev-projects\lg-headgate\frontend\tests\e2e\mobile-composer.spec.ts:203:47

    attachment #1: trace (application/zip) ─────────────────────────────────────────────────────────
    test-results\mobile-composer-P5-mobile--8e4f9-h-covers-no-suggestion-card-phone-360\trace.zip
    Usage:

        npx playwright show-trace test-results\mobile-composer-P5-mobile--8e4f9-h-covers-no-suggestion-card-phone-360\trace.zip

    ────────────────────────────────────────────────────────────────────────────────────────────────

  13) [phone-360] › mobile-composer.spec.ts:195:13 › P5 mobile composer gate (phone-390 390x844 + phone-360 360x800) › viewport 390x844 › popover RunModePicker: menu.right <= innerWidth + covers no suggestion card 

    Error: open RunModePicker: role=menu rendered

    [2mexpect([22m[31mreceived[39m[2m).[22mtoBeTruthy[2m()[22m

    Received: [31mnull[39m

      204 |           }
      205 |           const m = await page.evaluate(MENU_PROBE(p.name), [CARDS, p.name])
    > 206 |           expect(m.menu, `open ${p.name}: role=menu rendered`).toBeTruthy()
          |                                                                ^
      207 |           expect(m.menu.cls, `left-anchored ${p.cls}, no right-0 / max-w on the phone`).toContain('left-0')
      208 |           expect(m.fitsRight, `menu right=${m.menu.right} in a ${vp.w}px viewport (${p.cls})`)
      209 |             .toBe(true)
        at C:\c\Users\chris\Desktop\Workspace\dev-projects\lg-headgate\frontend\tests\e2e\mobile-composer.spec.ts:206:64

    attachment #1: trace (application/zip) ─────────────────────────────────────────────────────────
    test-results\mobile-composer-P5-mobile--1bcf1-h-covers-no-suggestion-card-phone-360\trace.zip
    Usage:

        npx playwright show-trace test-results\mobile-composer-P5-mobile--1bcf1-h-covers-no-suggestion-card-phone-360\trace.zip

    ────────────────────────────────────────────────────────────────────────────────────────────────

  14) [phone-360] › mobile-composer.spec.ts:195:13 › P5 mobile composer gate (phone-390 390x844 + phone-360 360x800) › viewport 390x844 › popover EffortSelector: menu.right <= innerWidth + covers no suggestion card 

    Error: [2mexpect([22m[31mreceived[39m[2m).[22mtoContain[2m([22m[32mexpected[39m[2m) // indexOf[22m

    [1mMatcher error[22m: [31mreceived[39m value must not be null nor undefined

    Received has value: [31mundefined[39m

      205 |           const m = await page.evaluate(MENU_PROBE(p.name), [CARDS, p.name])
      206 |           expect(m.menu, `open ${p.name}: role=menu rendered`).toBeTruthy()
    > 207 |           expect(m.menu.cls, `left-anchored ${p.cls}, no right-0 / max-w on the phone`).toContain('left-0')
          |                                                                                         ^
      208 |           expect(m.fitsRight, `menu right=${m.menu.right} in a ${vp.w}px viewport (${p.cls})`)
      209 |             .toBe(true)
      210 |           expect(m.overlapsCards,
        at C:\c\Users\chris\Desktop\Workspace\dev-projects\lg-headgate\frontend\tests\e2e\mobile-composer.spec.ts:207:89

    attachment #1: trace (application/zip) ─────────────────────────────────────────────────────────
    test-results\mobile-composer-P5-mobile--ce085-h-covers-no-suggestion-card-phone-360\trace.zip
    Usage:

        npx playwright show-trace test-results\mobile-composer-P5-mobile--ce085-h-covers-no-suggestion-card-phone-360\trace.zip

    ────────────────────────────────────────────────────────────────────────────────────────────────

  15) [phone-360] › mobile-composer.spec.ts:195:13 › P5 mobile composer gate (phone-390 390x844 + phone-360 360x800) › viewport 390x844 › popover SlashPalette: menu.right <= innerWidth + covers no suggestion card 

    Error: open SlashPalette: role=menu rendered

    [2mexpect([22m[31mreceived[39m[2m).[22mtoBeTruthy[2m()[22m

    Received: [31mnull[39m

      204 |           }
      205 |           const m = await page.evaluate(MENU_PROBE(p.name), [CARDS, p.name])
    > 206 |           expect(m.menu, `open ${p.name}: role=menu rendered`).toBeTruthy()
          |                                                                ^
      207 |           expect(m.menu.cls, `left-anchored ${p.cls}, no right-0 / max-w on the phone`).toContain('left-0')
      208 |           expect(m.fitsRight, `menu right=${m.menu.right} in a ${vp.w}px viewport (${p.cls})`)
      209 |             .toBe(true)
        at C:\c\Users\chris\Desktop\Workspace\dev-projects\lg-headgate\frontend\tests\e2e\mobile-composer.spec.ts:206:64

    attachment #1: trace (application/zip) ─────────────────────────────────────────────────────────
    test-results\mobile-composer-P5-mobile--187be-h-covers-no-suggestion-card-phone-360\trace.zip
    Usage:

        npx playwright show-trace test-results\mobile-composer-P5-mobile--187be-h-covers-no-suggestion-card-phone-360\trace.zip

    ────────────────────────────────────────────────────────────────────────────────────────────────

  16) [phone-360] › mobile-composer.spec.ts:162:11 › P5 mobile composer gate (phone-390 390x844 + phone-360 360x800) › viewport 360x800 › row: 6 controls + ml-auto Send, no child right > innerWidth, scrollWidth fits clientWidth 

    Error: the row does not reflow: scrollWidth overflows clientWidth (no flex-wrap, fixed chips)

    [2mexpect([22m[31mreceived[39m[2m).[22mtoBeLessThanOrEqual[2m([22m[32mexpected[39m[2m)[22m

    Expected: <= [32m334[39m
    Received:    [31m455[39m

      170 |         const wide = m.children.filter((c: any) => c.rect.right > vp.w)
      171 |         expect(m.rowScrollW, 'the row does not reflow: scrollWidth overflows clientWidth (no flex-wrap, fixed chips)')
    > 172 |           .toBeLessThanOrEqual(m.rowClientW)
          |            ^
      173 |         expect(wide.map((c: any) => `${c.tag} [${c.aria || c.title || c.text}] right=${c.rect.right} past ${vp.w}`),
      174 |           `every row child (incl. the ml-auto Send wrapper): rect.right <= ${vp.w}. Today the Send lands at right=460 (x=424, w=36, in the ml-auto) — 70px off-screen at 390, 100px at 360.`)
      175 |           .toHaveLength(1)
        at C:\c\Users\chris\Desktop\Workspace\dev-projects\lg-headgate\frontend\tests\e2e\mobile-composer.spec.ts:172:12

    attachment #1: trace (application/zip) ─────────────────────────────────────────────────────────
    test-results\mobile-composer-P5-mobile--aee91-crollWidth-fits-clientWidth-phone-360\trace.zip
    Usage:

        npx playwright show-trace test-results\mobile-composer-P5-mobile--aee91-crollWidth-fits-clientWidth-phone-360\trace.zip

    ────────────────────────────────────────────────────────────────────────────────────────────────

  17) [phone-360] › mobile-composer.spec.ts:195:13 › P5 mobile composer gate (phone-390 390x844 + phone-360 360x800) › viewport 360x800 › popover PlusMenu: menu.right <= innerWidth + covers no suggestion card 

    Error: locator.click: Element is not visible
    Call log:
    [2m  - waiting for locator('button[aria-label="Add attachments and actions"]').first()[22m
    [2m    - locator resolved to <button type="button" aria-haspopup="menu" aria-expanded="false" class="tap-target chip !px-2 " title="Add attachments and actions" aria-label="Add attachments and actions">…</button>[22m
    [2m  - attempting click action[22m
    [2m    - scrolling into view if needed[22m
    [2m    - done scrolling[22m


      201 |             await page.keyboard.press('/')
      202 |           } else {
    > 203 |             await page.locator(p.btn).first().click({ force: true })
          |                                               ^
      204 |           }
      205 |           const m = await page.evaluate(MENU_PROBE(p.name), [CARDS, p.name])
      206 |           expect(m.menu, `open ${p.name}: role=menu rendered`).toBeTruthy()
        at C:\c\Users\chris\Desktop\Workspace\dev-projects\lg-headgate\frontend\tests\e2e\mobile-composer.spec.ts:203:47

    attachment #1: trace (application/zip) ─────────────────────────────────────────────────────────
    test-results\mobile-composer-P5-mobile--4ebd8-h-covers-no-suggestion-card-phone-360\trace.zip
    Usage:

        npx playwright show-trace test-results\mobile-composer-P5-mobile--4ebd8-h-covers-no-suggestion-card-phone-360\trace.zip

    ────────────────────────────────────────────────────────────────────────────────────────────────

  18) [phone-360] › mobile-composer.spec.ts:195:13 › P5 mobile composer gate (phone-390 390x844 + phone-360 360x800) › viewport 360x800 › popover RunModePicker: menu.right <= innerWidth + covers no suggestion card 

    Error: [2mexpect([22m[31mreceived[39m[2m).[22mtoContain[2m([22m[32mexpected[39m[2m) // indexOf[22m

    [1mMatcher error[22m: [31mreceived[39m value must not be null nor undefined

    Received has value: [31mundefined[39m

      205 |           const m = await page.evaluate(MENU_PROBE(p.name), [CARDS, p.name])
      206 |           expect(m.menu, `open ${p.name}: role=menu rendered`).toBeTruthy()
    > 207 |           expect(m.menu.cls, `left-anchored ${p.cls}, no right-0 / max-w on the phone`).toContain('left-0')
          |                                                                                         ^
      208 |           expect(m.fitsRight, `menu right=${m.menu.right} in a ${vp.w}px viewport (${p.cls})`)
      209 |             .toBe(true)
      210 |           expect(m.overlapsCards,
        at C:\c\Users\chris\Desktop\Workspace\dev-projects\lg-headgate\frontend\tests\e2e\mobile-composer.spec.ts:207:89

    attachment #1: trace (application/zip) ─────────────────────────────────────────────────────────
    test-results\mobile-composer-P5-mobile--671f2-h-covers-no-suggestion-card-phone-360\trace.zip
    Usage:

        npx playwright show-trace test-results\mobile-composer-P5-mobile--671f2-h-covers-no-suggestion-card-phone-360\trace.zip

    ────────────────────────────────────────────────────────────────────────────────────────────────

  19) [phone-360] › mobile-composer.spec.ts:195:13 › P5 mobile composer gate (phone-390 390x844 + phone-360 360x800) › viewport 360x800 › popover EffortSelector: menu.right <= innerWidth + covers no suggestion card 

    Error: locator.click: Element is not visible
    Call log:
    [2m  - waiting for locator('button.chip[aria-label^="Reasoning effort"]').first()[22m
    [2m    - locator resolved to <button type="button" aria-haspopup="menu" aria-pressed="false" aria-expanded="false" class="tap-target chip " title="Reasoning effort: Auto — Model default" aria-label="Reasoning effort: Auto — Model default">…</button>[22m
    [2m  - attempting click action[22m
    [2m    - scrolling into view if needed[22m
    [2m    - done scrolling[22m


      201 |             await page.keyboard.press('/')
      202 |           } else {
    > 203 |             await page.locator(p.btn).first().click({ force: true })
          |                                               ^
      204 |           }
      205 |           const m = await page.evaluate(MENU_PROBE(p.name), [CARDS, p.name])
      206 |           expect(m.menu, `open ${p.name}: role=menu rendered`).toBeTruthy()
        at C:\c\Users\chris\Desktop\Workspace\dev-projects\lg-headgate\frontend\tests\e2e\mobile-composer.spec.ts:203:47

    attachment #1: trace (application/zip) ─────────────────────────────────────────────────────────
    test-results\mobile-composer-P5-mobile--955cc-h-covers-no-suggestion-card-phone-360\trace.zip
    Usage:

        npx playwright show-trace test-results\mobile-composer-P5-mobile--955cc-h-covers-no-suggestion-card-phone-360\trace.zip

    ────────────────────────────────────────────────────────────────────────────────────────────────

  20) [phone-360] › mobile-composer.spec.ts:195:13 › P5 mobile composer gate (phone-390 390x844 + phone-360 360x800) › viewport 360x800 › popover SlashPalette: menu.right <= innerWidth + covers no suggestion card 

    Error: open SlashPalette: role=menu rendered

    [2mexpect([22m[31mreceived[39m[2m).[22mtoBeTruthy[2m()[22m

    Received: [31mnull[39m

      204 |           }
      205 |           const m = await page.evaluate(MENU_PROBE(p.name), [CARDS, p.name])
    > 206 |           expect(m.menu, `open ${p.name}: role=menu rendered`).toBeTruthy()
          |                                                                ^
      207 |           expect(m.menu.cls, `left-anchored ${p.cls}, no right-0 / max-w on the phone`).toContain('left-0')
      208 |           expect(m.fitsRight, `menu right=${m.menu.right} in a ${vp.w}px viewport (${p.cls})`)
      209 |             .toBe(true)
        at C:\c\Users\chris\Desktop\Workspace\dev-projects\lg-headgate\frontend\tests\e2e\mobile-composer.spec.ts:206:64

    attachment #1: trace (application/zip) ─────────────────────────────────────────────────────────
    test-results\mobile-composer-P5-mobile--213a1-h-covers-no-suggestion-card-phone-360\trace.zip
    Usage:

        npx playwright show-trace test-results\mobile-composer-P5-mobile--213a1-h-covers-no-suggestion-card-phone-360\trace.zip

    ────────────────────────────────────────────────────────────────────────────────────────────────

  20 failed
    [phone-390] › mobile-composer.spec.ts:162:11 › P5 mobile composer gate (phone-390 390x844 + phone-360 360x800) › viewport 390x844 › row: 6 controls + ml-auto Send, no child right > innerWidth, scrollWidth fits clientWidth 
    [phone-390] › mobile-composer.spec.ts:195:13 › P5 mobile composer gate (phone-390 390x844 + phone-360 360x800) › viewport 390x844 › popover PlusMenu: menu.right <= innerWidth + covers no suggestion card 
    [phone-390] › mobile-composer.spec.ts:195:13 › P5 mobile composer gate (phone-390 390x844 + phone-360 360x800) › viewport 390x844 › popover RunModePicker: menu.right <= innerWidth + covers no suggestion card 
    [phone-390] › mobile-composer.spec.ts:195:13 › P5 mobile composer gate (phone-390 390x844 + phone-360 360x800) › viewport 390x844 › popover EffortSelector: menu.right <= innerWidth + covers no suggestion card 
    [phone-390] › mobile-composer.spec.ts:195:13 › P5 mobile composer gate (phone-390 390x844 + phone-360 360x800) › viewport 390x844 › popover SlashPalette: menu.right <= innerWidth + covers no suggestion card 
    [phone-390] › mobile-composer.spec.ts:162:11 › P5 mobile composer gate (phone-390 390x844 + phone-360 360x800) › viewport 360x800 › row: 6 controls + ml-auto Send, no child right > innerWidth, scrollWidth fits clientWidth 
    [phone-390] › mobile-composer.spec.ts:195:13 › P5 mobile composer gate (phone-390 390x844 + phone-360 360x800) › viewport 360x800 › popover PlusMenu: menu.right <= innerWidth + covers no suggestion card 
    [phone-390] › mobile-composer.spec.ts:195:13 › P5 mobile composer gate (phone-390 390x844 + phone-360 360x800) › viewport 360x800 › popover RunModePicker: menu.right <= innerWidth + covers no suggestion card 
    [phone-390] › mobile-composer.spec.ts:195:13 › P5 mobile composer gate (phone-390 390x844 + phone-360 360x800) › viewport 360x800 › popover EffortSelector: menu.right <= innerWidth + covers no suggestion card 
    [phone-390] › mobile-composer.spec.ts:195:13 › P5 mobile composer gate (phone-390 390x844 + phone-360 360x800) › viewport 360x800 › popover SlashPalette: menu.right <= innerWidth + covers no suggestion card 
    [phone-360] › mobile-composer.spec.ts:162:11 › P5 mobile composer gate (phone-390 390x844 + phone-360 360x800) › viewport 390x844 › row: 6 controls + ml-auto Send, no child right > innerWidth, scrollWidth fits clientWidth 
    [phone-360] › mobile-composer.spec.ts:195:13 › P5 mobile composer gate (phone-390 390x844 + phone-360 360x800) › viewport 390x844 › popover PlusMenu: menu.right <= innerWidth + covers no suggestion card 
    [phone-360] › mobile-composer.spec.ts:195:13 › P5 mobile composer gate (phone-390 390x844 + phone-360 360x800) › viewport 390x844 › popover RunModePicker: menu.right <= innerWidth + covers no suggestion card 
    [phone-360] › mobile-composer.spec.ts:195:13 › P5 mobile composer gate (phone-390 390x844 + phone-360 360x800) › viewport 390x844 › popover EffortSelector: menu.right <= innerWidth + covers no suggestion card 
    [phone-360] › mobile-composer.spec.ts:195:13 › P5 mobile composer gate (phone-390 390x844 + phone-360 360x800) › viewport 390x844 › popover SlashPalette: menu.right <= innerWidth + covers no suggestion card 
    [phone-360] › mobile-composer.spec.ts:162:11 › P5 mobile composer gate (phone-390 390x844 + phone-360 360x800) › viewport 360x800 › row: 6 controls + ml-auto Send, no child right > innerWidth, scrollWidth fits clientWidth 
    [phone-360] › mobile-composer.spec.ts:195:13 › P5 mobile composer gate (phone-390 390x844 + phone-360 360x800) › viewport 360x800 › popover PlusMenu: menu.right <= innerWidth + covers no suggestion card 
    [phone-360] › mobile-composer.spec.ts:195:13 › P5 mobile composer gate (phone-390 390x844 + phone-360 360x800) › viewport 360x800 › popover RunModePicker: menu.right <= innerWidth + covers no suggestion card 
    [phone-360] › mobile-composer.spec.ts:195:13 › P5 mobile composer gate (phone-390 390x844 + phone-360 360x800) › viewport 360x800 › popover EffortSelector: menu.right <= innerWidth + covers no suggestion card 
    [phone-360] › mobile-composer.spec.ts:195:13 › P5 mobile composer gate (phone-390 390x844 + phone-360 360x800) › viewport 360x800 › popover SlashPalette: menu.right <= innerWidth + covers no suggestion card 
  4 passed (5.4s)
